<html>
<body>
<pre>
<h1>µVision Build Log</h1>
<h2>Tool Versions:</h2>
IDE-Version: ¦ÌVision V5.43.1.0
Copyright (C) 2025 ARM Ltd and ARM Germany GmbH. All rights reserved.
License Information: zhibo qiao, student, LIC=----
 
Tool Versions:
Toolchain:       MDK-Lite  Version: 5.43.0.0
Toolchain Path:  D:\Keil_v5\ARM\ARMCLANG\Bin
C Compiler:      ArmClang.exe V6.24
Assembler:       Armasm.exe V6.24
Linker/Locator:  ArmLink.exe V6.24
Library Manager: ArmAr.exe V6.24
Hex Converter:   FromElf.exe V6.24
CPU DLL:         SARMCM3.DLL V5.43.0.0
Dialog DLL:      DCM.DLL V1.17.5.0
Target DLL:      STLink\ST-LINKIII-KEIL_SWO.dll V3.3.1.0
Dialog DLL:      TCM.DLL V1.56.6.0
 
<h2>Project:</h2>
D:\STM32_Project\LED_Blink\MDK-ARM\LED_Blink.uvprojx
Project File Date:  08/26/2026

<h2>Output:</h2>
*** Using Compiler 'V6.24', folder: 'D:\Keil_v5\ARM\ARMCLANG\Bin'
Rebuild target 'LED_Blink'
../Core/Src/main.c(86): warning: format specifies type 'unsigned long' but the argument has type 'uint32_t' (aka 'unsigned int') [-Wformat]
   85 |                      "{\"state\":\"%s\",\"tick\":%lu}\n",
      |                                                  ~~~
      |                                                  %u
   86 |                      stateStr, tick);
      |                                ^~~~
../Core/Src/main.c(62): warning: function 'MX_GPIO_Init' has internal linkage but is not defined [-Wundefined-internal]
   62 | static void MX_GPIO_Init(void);
      |             ^
../Core/Src/main.c(127): note: used here
  127 |   MX_GPIO_Init();
      |   ^
2 warnings generated.
compiling main.c...
compiling stm32f1xx_hal_rcc_ex.c...
compiling usart.c...
compiling stm32f1xx_hal_msp.c...
compiling gpio.c...
compiling stm32f1xx_hal_gpio_ex.c...
compiling stm32f1xx_it.c...
compiling stm32f1xx_hal_pcd_ex.c...
compiling stm32f1xx_hal.c...
assembling startup_stm32f103xb.s...
compiling stm32f1xx_hal_rcc.c...
compiling stm32f1xx_ll_usb.c...
compiling stm32f1xx_hal_gpio.c...
compiling stm32f1xx_hal_cortex.c...
compiling stm32f1xx_hal_dma.c...
compiling stm32f1xx_hal_pcd.c...
compiling stm32f1xx_hal_pwr.c...
compiling system_stm32f1xx.c...
compiling stm32f1xx_hal_flash.c...
compiling stm32f1xx_hal_exti.c...
compiling stm32f1xx_hal_flash_ex.c...
compiling usb_device.c...
compiling usbd_desc.c...
compiling usbd_cdc_if.c...
compiling usbd_core.c...
compiling usbd_conf.c...
compiling usbd_ioreq.c...
compiling usbd_ctlreq.c...
compiling usbd_cdc.c...
compiling stm32f1xx_hal_uart.c...
linking...
Program Size: Code=16276 RO-data=388 RW-data=384 ZI-data=6192  
FromELF: creating hex file...
"LED_Blink\LED_Blink.axf" - 0 Error(s), 2 Warning(s).

<h2>Software Packages used:</h2>

Package Vendor: ARM
                https://www.keil.com/pack/ARM.CMSIS.6.3.0.pack
                ARM::CMSIS@6.3.0
                CMSIS (Common Microcontroller Software Interface Standard)
   * Component: CORE Version: 6.2.0

Package Vendor: Keil
                https://www.keil.com/pack/Keil.STM32F1xx_DFP.2.4.1.pack
                Keil::STM32F1xx_DFP@2.4.1
                STMicroelectronics STM32F1 Series Device Support, Drivers and Examples

<h2>Collection of Component include folders:</h2>
  ./RTE/_LED_Blink
  D:/ArmPacks/ARM/CMSIS/6.3.0/CMSIS/Core/Include
  D:/ArmPacks/Keil/STM32F1xx_DFP/2.4.1/Device/Include

<h2>Collection of Component Files used:</h2>

   * Component: ARM::CMSIS:CORE@6.2.0
      Include file:  CMSIS/Core/Include/tz_context.h
Build Time Elapsed:  00:00:09
</pre>
</body>
</html>
